---
# Source: cert-manager/templates/istio-ca-certificate.yaml
apiVersion: cert-manager.io/v1
kind: Certificate
metadata:
  name: istio-ca
  namespace: istio-system
  annotations:
    argocd.argoproj.io/sync-options: Validate=false, SkipDryRunOnMissingResource=true
    argocd.argoproj.io/sync-wave: "6"
spec:
  isCA: true
  duration: "21600h0m0s"
  secretName: istio-ca
  commonName: istio-ca.my-company.net
  subject:
    organizations:
    - my-company.net
  issuerRef:
    name: root-ca
    kind: ClusterIssuer
    group: cert-manager.io
---
# Source: cert-manager/templates/root-certificate.yaml
apiVersion: cert-manager.io/v1
kind: Certificate
metadata:
  name: root-ca
  namespace: cert-manager
  annotations:
    argocd.argoproj.io/sync-options: Validate=false, SkipDryRunOnMissingResource=true
    argocd.argoproj.io/sync-wave: "6"
spec:
  isCA: true
  duration: "21600h0m0s"
  secretName: root-ca
  commonName: root-ca.my-company.net
  subject:
    organizations:
    - my-company.net
  issuerRef:
    name: selfsigned-root-issuer
    kind: Issuer
    group: cert-manager.io
---
# Source: cert-manager/templates/root-clusterIssuer.yaml
apiVersion: cert-manager.io/v1
kind: ClusterIssuer
metadata:
  name: root-ca
  annotations:
    argocd.argoproj.io/sync-options: ServerSideApply=true, Validate=false, SkipDryRunOnMissingResource=true
    argocd.argoproj.io/sync-wave: "5"
spec:
  ca:
    secretName: root-ca
---
# Source: cert-manager/templates/istio-ca-issuer.yaml
apiVersion: cert-manager.io/v1
kind: Issuer
metadata:
  name: istio-ca
  namespace: istio-system
  annotations:
    argocd.argoproj.io/sync-options: ServerSideApply=true, Validate=false, SkipDryRunOnMissingResource=true
    argocd.argoproj.io/sync-wave: "5"
spec:
  ca:
    secretName: istio-ca
---
# Source: cert-manager/templates/selfsigned-issuer.yaml
apiVersion: cert-manager.io/v1
kind: Issuer
metadata:
  name: selfsigned-root-issuer
  namespace: cert-manager
  annotations:
    argocd.argoproj.io/sync-options: ServerSideApply=true, Validate=false, SkipDryRunOnMissingResource=true
    argocd.argoproj.io/sync-wave: "5"
spec:
  selfSigned: {}
